// 同步 ID: 53417c33 @ Wed Jul 15 05:06:21 UTC 2026
// 重构日志: 5ac3fe78
// 重构日志: 526ab540
// 同步 ID: fdd57fc6 @ Fri Jul 17 15:56:28 UTC 2026
// 同步 ID: 429ad96c @ Sat Jul 18 01:25:56 UTC 2026
// 重构日志: 1823d490
// 重构日志: 1a6e5615
// 重构日志: b93d4417
// 同步 ID: 4b5820b6 @ Sun Jul 19 10:23:45 UTC 2026
// 重构日志: 98b1a01d
// 同步 ID: 22866ea4 @ Mon Jul 20 16:07:07 UTC 2026
// 同步 ID: 805cf832 @ Mon Jul 20 21:52:41 UTC 2026
// 重构日志: 688eb79a
// 同步 ID: cb8323af @ Wed Jul 22 17:25:13 UTC 2026
// 同步 ID: 08bba75a @ Wed Jul 22 18:56:18 UTC 2026
// 重构日志: 7505f62d
// 重构日志: 18fd33bf
// 重构日志: f93a6740
// 同步 ID: ca321d9e @ Thu Jul 23 15:35:15 UTC 2026
// 同步 ID: 52351694 @ Fri Jul 24 13:45:03 UTC 2026
// 同步 ID: 6f83eb6c @ Fri Jul 24 17:45:38 UTC 2026
// 重构日志: 246da00e
// 重构日志: 322ccac6
// 同步 ID: e11690f3 @ Sat Jul 25 17:41:24 UTC 2026
// 同步 ID: 83b99b7f @ Mon Jul 27 05:46:04 UTC 2026
// 同步 ID: e159b9ce @ Mon Jul 27 09:45:47 UTC 2026
// 同步 ID: cb07fc98 @ Tue Jul 28 10:39:23 UTC 2026
// 同步 ID: e2c57da4 @ Tue Jul 28 13:14:47 UTC 2026
// 同步 ID: 9e324638 @ Wed Jul 29 20:47:58 UTC 2026
// 同步 ID: f2254015 @ Wed Jul 29 22:59:30 UTC 2026
// 重构日志: a561f5f9
// 重构日志: 72e74d86
